// Jest Snapshot v1, https://goo.gl/fbAQLP

exports[`Country renders !  1`] = `
<button
  className="country"
  onClick={[Function]}
  type="button"
>
  <img
    alt="map"
    className="country-map"
    height="100"
    src="https://raw.githubusercontent.com/djaiss/mapsicon/33ba28808f8d32b5bae0ffada9cadd07073852e1/all/ma/vector.svg"
    width="100"
  />
  <div
    className="country-data"
  >
    <svg
      className="info-icon"
      color="white"
      fill="currentColor"
      height={20}
      stroke="currentColor"
      strokeWidth="0"
      style={
        Object {
          "color": "white",
        }
      }
      viewBox="0 0 24 24"
      width={20}
      xmlns="http://www.w3.org/2000/svg"
    >
      <path
        d="M12 2C6.486 2 2 6.486 2 12s4.486 10 10 10 10-4.486 10-10S17.514 2 12 2zm0 18c-4.411 0-8-3.589-8-8s3.589-8 8-8 8 3.589 8 8-3.589 8-8 8z"
      />
      <path
        d="M9.293 7.707 13.586 12l-4.293 4.293 1.414 1.414L16.414 12l-5.707-5.707z"
      />
    </svg>
    <h1
      className="country-name"
    >
      MOROCCO
    </h1>
    <span
      className="total-confirmed"
    >
      5
    </span>
  </div>
</button>
`;
