// Jest Snapshot v1, https://goo.gl/fbAQLP

exports[`Countries renders !  1`] = `
<div>
  <div
    className="header-wrapper"
  >
    <div
      className="world-header"
    >
      <img
        alt="world map"
        className="world-map"
        src="/worldmap.svg"
      />
    </div>
    <div
      className="world-info"
    >
      <span
        className="world-cases"
      >
        The world has 
      </span>
      <span>
         
        33.868
      </span>
      <span
        className="world-cases"
      >
        Coronavirus Cases 
      </span>
    </div>
  </div>
  <form
    className="form"
  >
    <span
      className="search-by"
    >
      Stats by Country
    </span>
    <input
      className="input-search"
      onChange={[Function]}
      placeholder="Enter country name"
      type="text"
    />
  </form>
  <ul
    className="countries-list"
  >
    <li
      className="countries"
    >
      <button
        className="country"
        onClick={[Function]}
        type="button"
      >
        <img
          alt="map"
          className="country-map"
          height="100"
          src="https://raw.githubusercontent.com/djaiss/mapsicon/33ba28808f8d32b5bae0ffada9cadd07073852e1/all/ma/vector.svg"
          width="100"
        />
        <div
          className="country-data"
        >
          <svg
            className="info-icon"
            color="white"
            fill="currentColor"
            height={20}
            stroke="currentColor"
            strokeWidth="0"
            style={
              Object {
                "color": "white",
              }
            }
            viewBox="0 0 24 24"
            width={20}
            xmlns="http://www.w3.org/2000/svg"
          >
            <path
              d="M12 2C6.486 2 2 6.486 2 12s4.486 10 10 10 10-4.486 10-10S17.514 2 12 2zm0 18c-4.411 0-8-3.589-8-8s3.589-8 8-8 8 3.589 8 8-3.589 8-8 8z"
            />
            <path
              d="M9.293 7.707 13.586 12l-4.293 4.293 1.414 1.414L16.414 12l-5.707-5.707z"
            />
          </svg>
          <h1
            className="country-name"
          >
            MOROCCO
          </h1>
          <span
            className="total-confirmed"
          >
            5.645
          </span>
        </div>
      </button>
    </li>
    <li
      className="countries"
    >
      <button
        className="country"
        onClick={[Function]}
        type="button"
      >
        <img
          alt="map"
          className="country-map"
          height="100"
          src="https://raw.githubusercontent.com/djaiss/mapsicon/33ba28808f8d32b5bae0ffada9cadd07073852e1/all/dz/vector.svg"
          width="100"
        />
        <div
          className="country-data"
        >
          <svg
            className="info-icon"
            color="white"
            fill="currentColor"
            height={20}
            stroke="currentColor"
            strokeWidth="0"
            style={
              Object {
                "color": "white",
              }
            }
            viewBox="0 0 24 24"
            width={20}
            xmlns="http://www.w3.org/2000/svg"
          >
            <path
              d="M12 2C6.486 2 2 6.486 2 12s4.486 10 10 10 10-4.486 10-10S17.514 2 12 2zm0 18c-4.411 0-8-3.589-8-8s3.589-8 8-8 8 3.589 8 8-3.589 8-8 8z"
            />
            <path
              d="M9.293 7.707 13.586 12l-4.293 4.293 1.414 1.414L16.414 12l-5.707-5.707z"
            />
          </svg>
          <h1
            className="country-name"
          >
            ALGERIA
          </h1>
          <span
            className="total-confirmed"
          >
            545
          </span>
        </div>
      </button>
    </li>
  </ul>
</div>
`;
