// Jest Snapshot v1, https://goo.gl/fbAQLP

exports[`Country information renders 1`] = `null`;
