// Jest Snapshot v1, https://goo.gl/fbAQLP

exports[`Navigation renderers route correctly 1`] = `null`;
